// Jest Snapshot v1, https://goo.gl/fbAQLP

exports[`SidePanel 초기 렌더링 스냅샷 일치함 1`] = `
<div
  className="side-panel"
>
  <button
    onClick={[Function]}
    type="button"
  >
    <WithStyles(Icon)
      className="icon"
    >
      add_box
    </WithStyles(Icon)>
  </button>
  <CreateRoomModal
    closeModal={[Function]}
    isOpen={false}
  />
</div>
`;
